stm32h7xx_hal_rcc_ex.c:2459:26:RCCEx_PLL2_Config	24	static
stm32h7xx_hal_rcc_ex.c:2551:26:RCCEx_PLL3_Config	24	static
stm32h7xx_hal_rcc_ex.c:124:19:HAL_RCCEx_PeriphCLKConfig	32	static
stm32h7xx_hal_rcc_ex.c:1334:6:HAL_RCCEx_GetPeriphCLKConfig	20	static
stm32h7xx_hal_rcc_ex.c:1803:10:HAL_RCCEx_GetD1PCLK1Freq	8	static
stm32h7xx_hal_rcc_ex.c:1815:10:HAL_RCCEx_GetD3PCLK1Freq	8	static
stm32h7xx_hal_rcc_ex.c:1834:6:HAL_RCCEx_GetPLL2ClockFreq	12	static
stm32h7xx_hal_rcc_ex.c:1896:6:HAL_RCCEx_GetPLL3ClockFreq	12	static
stm32h7xx_hal_rcc_ex.c:1953:6:HAL_RCCEx_GetPLL1ClockFreq	12	static
stm32h7xx_hal_rcc_ex.c:1447:10:HAL_RCCEx_GetPeriphCLKFreq	24	static
stm32h7xx_hal_rcc_ex.c:2004:10:HAL_RCCEx_GetD1SysClockFreq	8	static
stm32h7xx_hal_rcc_ex.c:2017:6:HAL_RCCEx_EnableLSECSS	0	static
stm32h7xx_hal_rcc_ex.c:2027:6:HAL_RCCEx_DisableLSECSS	0	static
stm32h7xx_hal_rcc_ex.c:2044:6:HAL_RCCEx_WakeUpStopCLKConfig	0	static
stm32h7xx_hal_rcc_ex.c:2059:6:HAL_RCCEx_KerWakeUpStopCLKConfig	0	static
stm32h7xx_hal_rcc_ex.c:2077:6:HAL_RCCEx_WWDGxSysResetConfig	0	static
stm32h7xx_hal_rcc_ex.c:2154:6:HAL_RCCEx_CRSConfig	8	static
stm32h7xx_hal_rcc_ex.c:2196:6:HAL_RCCEx_CRSSoftwareSynchronizationGenerate	0	static
stm32h7xx_hal_rcc_ex.c:2206:6:HAL_RCCEx_CRSGetSynchronizationInfo	8	static
stm32h7xx_hal_rcc_ex.c:2239:10:HAL_RCCEx_CRSWaitSynchronization	24	static
stm32h7xx_hal_rcc_ex.c:2387:13:HAL_RCCEx_CRS_SyncOkCallback	0	static
stm32h7xx_hal_rcc_ex.c:2398:13:HAL_RCCEx_CRS_SyncWarnCallback	0	static
stm32h7xx_hal_rcc_ex.c:2409:13:HAL_RCCEx_CRS_ExpectedSyncCallback	0	static
stm32h7xx_hal_rcc_ex.c:2425:13:HAL_RCCEx_CRS_ErrorCallback	0	static
stm32h7xx_hal_rcc_ex.c:2322:6:HAL_RCCEx_CRS_IRQHandler	8	static
