stm32h7xx_hal_mmc.c:456:13:HAL_MMC_MspInit	0	static
stm32h7xx_hal_mmc.c:471:13:HAL_MMC_MspDeInit	0	static
stm32h7xx_hal_mmc.c:415:19:HAL_MMC_DeInit	8	static
stm32h7xx_hal_mmc.c:512:19:HAL_MMC_ReadBlocks	64	static
stm32h7xx_hal_mmc.c:692:19:HAL_MMC_WriteBlocks	64	static
stm32h7xx_hal_mmc.c:873:19:HAL_MMC_ReadBlocks_IT	48	static
stm32h7xx_hal_mmc.c:977:19:HAL_MMC_WriteBlocks_IT	48	static
stm32h7xx_hal_mmc.c:1080:19:HAL_MMC_ReadBlocks_DMA	48	static
stm32h7xx_hal_mmc.c:1190:19:HAL_MMC_WriteBlocks_DMA	48	static
stm32h7xx_hal_mmc.c:1294:19:HAL_MMC_Erase	24	static
stm32h7xx_hal_mmc.c:1612:22:HAL_MMC_GetState	0	static
stm32h7xx_hal_mmc.c:1623:10:HAL_MMC_GetError	0	static
stm32h7xx_hal_mmc.c:1633:13:HAL_MMC_TxCpltCallback	0	static
stm32h7xx_hal_mmc.c:1648:13:HAL_MMC_RxCpltCallback	0	static
stm32h7xx_hal_mmc.c:1663:13:HAL_MMC_ErrorCallback	0	static
stm32h7xx_hal_mmc.c:1678:13:HAL_MMC_AbortCallback	0	static
stm32h7xx_hal_mmc.c:1921:19:HAL_MMC_GetCardCID	8	static
stm32h7xx_hal_mmc.c:1954:19:HAL_MMC_GetCardCSD	56	static
stm32h7xx_hal_mmc.c:362:19:HAL_MMC_InitCard	128	static
stm32h7xx_hal_mmc.c:291:19:HAL_MMC_Init	8	static
stm32h7xx_hal_mmc.c:2072:19:HAL_MMC_GetCardInfo	0	static
stm32h7xx_hal_mmc.c:2096:19:HAL_MMC_ConfigWideBusOperation	48	static
stm32h7xx_hal_mmc.c:2215:26:HAL_MMC_GetCardState	8	static
stm32h7xx_hal_mmc.c:2240:19:HAL_MMC_Abort	8	static
stm32h7xx_hal_mmc.c:2273:19:HAL_MMC_Abort_IT	16	static
stm32h7xx_hal_mmc.c:2683:13:HAL_MMCEx_Read_DMADoubleBuf0CpltCallback	0	static
stm32h7xx_hal_mmc.c:2698:13:HAL_MMCEx_Read_DMADoubleBuf1CpltCallback	0	static
stm32h7xx_hal_mmc.c:2713:13:HAL_MMCEx_Write_DMADoubleBuf0CpltCallback	0	static
stm32h7xx_hal_mmc.c:2728:13:HAL_MMCEx_Write_DMADoubleBuf1CpltCallback	0	static
stm32h7xx_hal_mmc.c:1392:6:HAL_MMC_IRQHandler	32	static
