stm32h7xx_hal_rcc.c:204:6:HAL_RCC_DeInit	0	static
stm32h7xx_hal_rcc.c:270:26:HAL_RCC_OscConfig	24	static
stm32h7xx_hal_rcc.c:952:6:HAL_RCC_MCOConfig	48	static
stm32h7xx_hal_rcc.c:1006:6:HAL_RCC_EnableCSS	0	static
stm32h7xx_hal_rcc.c:1045:10:HAL_RCC_GetSysClockFreq	8	static
stm32h7xx_hal_rcc.c:734:19:HAL_RCC_ClockConfig	24	static
stm32h7xx_hal_rcc.c:1134:10:HAL_RCC_GetHCLKFreq	8	static
stm32h7xx_hal_rcc.c:1147:10:HAL_RCC_GetPCLK1Freq	8	static
stm32h7xx_hal_rcc.c:1160:10:HAL_RCC_GetPCLK2Freq	8	static
stm32h7xx_hal_rcc.c:1173:6:HAL_RCC_GetOscConfig	0	static
stm32h7xx_hal_rcc.c:1278:6:HAL_RCC_GetClockConfig	0	static
stm32h7xx_hal_rcc.c:1332:13:HAL_RCC_CSSCallback	0	static
stm32h7xx_hal_rcc.c:1315:6:HAL_RCC_NMI_IRQHandler	8	static
