stm32h7xx_hal_spi.c:2869:13:SPI_RxISR_16BIT	0	static
stm32h7xx_hal_spi.c:2738:13:SPI_2linesRxISR_16BIT	0	static
stm32h7xx_hal_spi.c:2890:13:SPI_RxISR_32BIT	0	static
stm32h7xx_hal_spi.c:2760:13:SPI_2linesRxISR_32BIT	0	static
stm32h7xx_hal_spi.c:2931:13:SPI_TxISR_16BIT	0	static
stm32h7xx_hal_spi.c:2804:13:SPI_2linesTxISR_16BIT	0	static
stm32h7xx_hal_spi.c:2952:13:SPI_TxISR_32BIT	0	static
stm32h7xx_hal_spi.c:2826:13:SPI_2linesTxISR_32BIT	0	static
stm32h7xx_hal_spi.c:2973:13:SPI_AbortTransfer	0	static
stm32h7xx_hal_spi.c:3011:13:SPI_CloseTransfer	0	static
stm32h7xx_hal_spi.c:2848:13:SPI_RxISR_8BIT	0	static
stm32h7xx_hal_spi.c:2911:13:SPI_TxISR_8BIT	0	static
stm32h7xx_hal_spi.c:2716:13:SPI_2linesRxISR_8BIT	0	static
stm32h7xx_hal_spi.c:2782:13:SPI_2linesTxISR_8BIT	0	static
stm32h7xx_hal_spi.c:411:13:HAL_SPI_MspInit	0	static
stm32h7xx_hal_spi.c:197:19:HAL_SPI_Init	16	static
stm32h7xx_hal_spi.c:427:13:HAL_SPI_MspDeInit	0	static
stm32h7xx_hal_spi.c:377:19:HAL_SPI_DeInit	8	static
stm32h7xx_hal_spi.c:483:19:HAL_SPI_Transmit	24	static
stm32h7xx_hal_spi.c:911:19:HAL_SPI_TransmitReceive	32	static
stm32h7xx_hal_spi.c:690:19:HAL_SPI_Receive	32	static
stm32h7xx_hal_spi.c:1154:19:HAL_SPI_Transmit_IT	8	static
stm32h7xx_hal_spi.c:1335:19:HAL_SPI_TransmitReceive_IT	8	static
stm32h7xx_hal_spi.c:1238:19:HAL_SPI_Receive_IT	12	static
stm32h7xx_hal_spi.c:1420:19:HAL_SPI_Transmit_DMA	16	static
stm32h7xx_hal_spi.c:1691:19:HAL_SPI_TransmitReceive_DMA	16	static
stm32h7xx_hal_spi.c:1552:19:HAL_SPI_Receive_DMA	16	static
stm32h7xx_hal_spi.c:1861:19:HAL_SPI_Abort	16	static
stm32h7xx_hal_spi.c:2082:19:HAL_SPI_DMAPause	0	static
stm32h7xx_hal_spi.c:2097:19:HAL_SPI_DMAResume	0	static
stm32h7xx_hal_spi.c:2112:19:HAL_SPI_DMAStop	0	static
stm32h7xx_hal_spi.c:2313:13:HAL_SPI_TxCpltCallback	0	static
stm32h7xx_hal_spi.c:2499:13:SPI_DMATransmitCplt	8	static
stm32h7xx_hal_spi.c:2329:13:HAL_SPI_RxCpltCallback	0	static
stm32h7xx_hal_spi.c:2523:13:SPI_DMAReceiveCplt	8	static
stm32h7xx_hal_spi.c:2345:13:HAL_SPI_TxRxCpltCallback	0	static
stm32h7xx_hal_spi.c:2547:13:SPI_DMATransmitReceiveCplt	8	static
stm32h7xx_hal_spi.c:2361:13:HAL_SPI_TxHalfCpltCallback	0	static
stm32h7xx_hal_spi.c:2571:13:SPI_DMAHalfTransmitCplt	8	static
stm32h7xx_hal_spi.c:2377:13:HAL_SPI_RxHalfCpltCallback	0	static
stm32h7xx_hal_spi.c:2584:13:SPI_DMAHalfReceiveCplt	8	static
stm32h7xx_hal_spi.c:2393:13:HAL_SPI_TxRxHalfCpltCallback	0	static
stm32h7xx_hal_spi.c:2597:13:SPI_DMAHalfTransmitReceiveCplt	8	static
stm32h7xx_hal_spi.c:2409:13:HAL_SPI_ErrorCallback	0	static
stm32h7xx_hal_spi.c:2610:13:SPI_DMAError	8	static
stm32h7xx_hal_spi.c:2126:6:HAL_SPI_IRQHandler	32	static
stm32h7xx_hal_spi.c:2632:13:SPI_DMAAbortOnError	8	static
stm32h7xx_hal_spi.c:2427:13:HAL_SPI_AbortCpltCallback	0	static
stm32h7xx_hal_spi.c:1968:19:HAL_SPI_Abort_IT	24	static
stm32h7xx_hal_spi.c:2685:13:SPI_DMARxAbortCallback	8	static
stm32h7xx_hal_spi.c:2652:13:SPI_DMATxAbortCallback	8	static
stm32h7xx_hal_spi.c:2462:22:HAL_SPI_GetState	0	static
stm32h7xx_hal_spi.c:2474:10:HAL_SPI_GetError	0	static
