stm32h7xx_hal.c:206:13:HAL_MspInit	0	static
stm32h7xx_hal.c:217:13:HAL_MspDeInit	0	static
stm32h7xx_hal.c:165:19:HAL_DeInit	8	static
stm32h7xx_hal.c:240:26:HAL_InitTick	16	static
stm32h7xx_hal.c:142:19:HAL_Init	8	static
stm32h7xx_hal.c:299:13:HAL_IncTick	0	static
stm32h7xx_hal.c:310:17:HAL_GetTick	0	static
stm32h7xx_hal.c:319:10:HAL_GetTickPrio	0	static
stm32h7xx_hal.c:328:19:HAL_SetTickFreq	8	static
stm32h7xx_hal.c:348:21:HAL_GetTickFreq	0	static
stm32h7xx_hal.c:364:13:HAL_Delay	16	static
stm32h7xx_hal.c:390:13:HAL_SuspendTick	0	static
stm32h7xx_hal.c:406:13:HAL_ResumeTick	0	static
stm32h7xx_hal.c:416:10:HAL_GetHalVersion	0	static
stm32h7xx_hal.c:425:10:HAL_GetREVID	0	static
stm32h7xx_hal.c:434:10:HAL_GetDEVID	0	static
stm32h7xx_hal.c:453:6:HAL_SYSCFG_VREFBUF_VoltageScalingConfig	0	static
stm32h7xx_hal.c:469:6:HAL_SYSCFG_VREFBUF_HighImpedanceConfig	0	static
stm32h7xx_hal.c:481:6:HAL_SYSCFG_VREFBUF_TrimmingConfig	0	static
stm32h7xx_hal.c:493:19:HAL_SYSCFG_EnableVREFBUF	16	static
stm32h7xx_hal.c:519:6:HAL_SYSCFG_DisableVREFBUF	0	static
stm32h7xx_hal.c:532:6:HAL_SYSCFG_ETHInterfaceSelect	0	static
stm32h7xx_hal.c:562:6:HAL_SYSCFG_AnalogSwitchConfig	0	static
stm32h7xx_hal.c:580:6:HAL_SYSCFG_EnableBOOST	0	static
stm32h7xx_hal.c:592:6:HAL_SYSCFG_DisableBOOST	0	static
stm32h7xx_hal.c:607:6:HAL_SYSCFG_CM7BootAddConfig	8	static
stm32h7xx_hal.c:632:6:HAL_EnableCompensationCell	0	static
stm32h7xx_hal.c:643:6:HAL_DisableCompensationCell	0	static
stm32h7xx_hal.c:656:6:HAL_SYSCFG_EnableIOSpeedOptimize	0	static
stm32h7xx_hal.c:668:6:HAL_SYSCFG_DisableIOSpeedOptimize	0	static
stm32h7xx_hal.c:681:6:HAL_SYSCFG_CompensationCodeSelect	0	static
stm32h7xx_hal.c:698:6:HAL_SYSCFG_CompensationCodeConfig	0	static
stm32h7xx_hal.c:711:6:HAL_DBGMCU_EnableDBGSleepMode	0	static
stm32h7xx_hal.c:720:6:HAL_DBGMCU_DisableDBGSleepMode	0	static
stm32h7xx_hal.c:729:6:HAL_DBGMCU_EnableDBGStopMode	0	static
stm32h7xx_hal.c:738:6:HAL_DBGMCU_DisableDBGStopMode	0	static
stm32h7xx_hal.c:747:6:HAL_DBGMCU_EnableDBGStandbyMode	0	static
stm32h7xx_hal.c:756:6:HAL_DBGMCU_DisableDBGStandbyMode	0	static
stm32h7xx_hal.c:767:6:HAL_EnableDomain3DBGStopMode	0	static
stm32h7xx_hal.c:776:6:HAL_DisableDomain3DBGStopMode	0	static
stm32h7xx_hal.c:785:6:HAL_EnableDomain3DBGStandbyMode	0	static
stm32h7xx_hal.c:794:6:HAL_DisableDomain3DBGStandbyMode	0	static
stm32h7xx_hal.c:805:6:HAL_SetFMCMemorySwappingConfig	0	static
stm32h7xx_hal.c:817:10:HAL_GetFMCMemorySwappingConfig	0	static
stm32h7xx_hal.c:834:6:HAL_EXTI_EdgeConfig	8	static
stm32h7xx_hal.c:860:6:HAL_EXTI_GenerateSWInterrupt	0	static
stm32h7xx_hal.c:875:6:HAL_EXTI_D1_ClearFlag	0	static
stm32h7xx_hal.c:895:6:HAL_EXTI_D1_EventInputConfig	16	static
stm32h7xx_hal.c:943:6:HAL_EXTI_D3_EventInputConfig	16	static
