stm32h7xx_hal_adc.c:881:13:HAL_ADC_MspInit	0	static
stm32h7xx_hal_adc.c:368:19:HAL_ADC_Init	32	static
stm32h7xx_hal_adc.c:896:13:HAL_ADC_MspDeInit	0	static
stm32h7xx_hal_adc.c:1098:19:HAL_ADC_PollForConversion	24	static
stm32h7xx_hal_adc.c:1265:19:HAL_ADC_PollForEvent	24	static
stm32h7xx_hal_adc.c:1824:10:HAL_ADC_GetValue	0	static
stm32h7xx_hal_adc.c:2171:13:HAL_ADC_ConvCpltCallback	0	static
stm32h7xx_hal_adc.c:2186:13:HAL_ADC_ConvHalfCpltCallback	0	static
stm32h7xx_hal_adc.c:3216:6:ADC_DMAHalfConvCplt	8	static
stm32h7xx_hal_adc.c:2201:13:HAL_ADC_LevelOutOfWindowCallback	0	static
stm32h7xx_hal_adc.c:2223:13:HAL_ADC_ErrorCallback	0	static
stm32h7xx_hal_adc.c:1842:6:HAL_ADC_IRQHandler	16	static
stm32h7xx_hal_adc.c:3151:6:ADC_DMAConvCplt	8	static
stm32h7xx_hal_adc.c:3230:6:ADC_DMAError	8	static
stm32h7xx_hal_adc.c:2270:19:HAL_ADC_ConfigChannel	40	static
stm32h7xx_hal_adc.c:2648:19:HAL_ADC_AnalogWDGConfig	20	static
stm32h7xx_hal_adc.c:2869:10:HAL_ADC_GetState	0	static
stm32h7xx_hal_adc.c:2884:10:HAL_ADC_GetError	0	static
stm32h7xx_hal_adc.c:2913:19:ADC_ConversionStop	16	static
stm32h7xx_hal_adc.c:3033:19:ADC_Enable	16	static
stm32h7xx_hal_adc.c:941:19:HAL_ADC_Start	16	static
stm32h7xx_hal_adc.c:1409:19:HAL_ADC_Start_IT	16	static
stm32h7xx_hal_adc.c:1623:19:HAL_ADC_Start_DMA	24	static
stm32h7xx_hal_adc.c:3096:19:ADC_Disable	16	static
stm32h7xx_hal_adc.c:671:19:HAL_ADC_DeInit	8	static
stm32h7xx_hal_adc.c:1048:19:HAL_ADC_Stop	8	static
stm32h7xx_hal_adc.c:1569:19:HAL_ADC_Stop_IT	8	static
stm32h7xx_hal_adc.c:1741:19:HAL_ADC_Stop_DMA	16	static
