stm32h7xx_hal_tim.c:5101:13:TIM_OC5_SetConfig	12	static
stm32h7xx_hal_tim.c:5153:13:TIM_OC6_SetConfig	12	static
stm32h7xx_hal_tim.c:258:13:HAL_TIM_Base_MspInit	0	static
stm32h7xx_hal_tim.c:273:13:HAL_TIM_Base_MspDeInit	0	static
stm32h7xx_hal_tim.c:230:19:HAL_TIM_Base_DeInit	8	static
stm32h7xx_hal_tim.c:289:19:HAL_TIM_Base_Start	0	static
stm32h7xx_hal_tim.c:313:19:HAL_TIM_Base_Stop	0	static
stm32h7xx_hal_tim.c:337:19:HAL_TIM_Base_Start_IT	0	static
stm32h7xx_hal_tim.c:358:19:HAL_TIM_Base_Stop_IT	0	static
stm32h7xx_hal_tim.c:380:19:HAL_TIM_Base_Start_DMA	8	static
stm32h7xx_hal_tim.c:425:19:HAL_TIM_Base_Stop_DMA	0	static
stm32h7xx_hal_tim.c:543:13:HAL_TIM_OC_MspInit	0	static
stm32h7xx_hal_tim.c:559:13:HAL_TIM_OC_MspDeInit	0	static
stm32h7xx_hal_tim.c:515:19:HAL_TIM_OC_DeInit	8	static
stm32h7xx_hal_tim.c:1058:13:HAL_TIM_PWM_MspInit	0	static
stm32h7xx_hal_tim.c:1074:13:HAL_TIM_PWM_MspDeInit	0	static
stm32h7xx_hal_tim.c:1030:19:HAL_TIM_PWM_DeInit	8	static
stm32h7xx_hal_tim.c:1577:13:HAL_TIM_IC_MspInit	0	static
stm32h7xx_hal_tim.c:1593:13:HAL_TIM_IC_MspDeInit	0	static
stm32h7xx_hal_tim.c:1549:19:HAL_TIM_IC_DeInit	8	static
stm32h7xx_hal_tim.c:2069:13:HAL_TIM_OnePulse_MspInit	0	static
stm32h7xx_hal_tim.c:2085:13:HAL_TIM_OnePulse_MspDeInit	0	static
stm32h7xx_hal_tim.c:2041:19:HAL_TIM_OnePulse_DeInit	8	static
stm32h7xx_hal_tim.c:2105:19:HAL_TIM_OnePulse_Start	0	static
stm32h7xx_hal_tim.c:2142:19:HAL_TIM_OnePulse_Stop	0	static
stm32h7xx_hal_tim.c:2179:19:HAL_TIM_OnePulse_Start_IT	0	static
stm32h7xx_hal_tim.c:2222:19:HAL_TIM_OnePulse_Stop_IT	0	static
stm32h7xx_hal_tim.c:2405:13:HAL_TIM_Encoder_MspInit	0	static
stm32h7xx_hal_tim.c:2421:13:HAL_TIM_Encoder_MspDeInit	0	static
stm32h7xx_hal_tim.c:2377:19:HAL_TIM_Encoder_DeInit	8	static
stm32h7xx_hal_tim.c:2442:19:HAL_TIM_Encoder_Start	0	static
stm32h7xx_hal_tim.c:2485:19:HAL_TIM_Encoder_Stop	0	static
stm32h7xx_hal_tim.c:2530:19:HAL_TIM_Encoder_Start_IT	0	static
stm32h7xx_hal_tim.c:2579:19:HAL_TIM_Encoder_Stop_IT	0	static
stm32h7xx_hal_tim.c:2634:19:HAL_TIM_Encoder_Start_DMA	24	static
stm32h7xx_hal_tim.c:2752:19:HAL_TIM_Encoder_Stop_DMA	0	static
stm32h7xx_hal_tim.c:3481:19:HAL_TIM_DMABurst_WriteStart	24	static
stm32h7xx_hal_tim.c:3706:19:HAL_TIM_DMABurst_ReadStart	24	static
stm32h7xx_hal_tim.c:3839:19:HAL_TIM_DMABurst_ReadStop	16	static
stm32h7xx_hal_tim.c:3613:19:HAL_TIM_DMABurst_WriteStop	0	static
stm32h7xx_hal_tim.c:3913:19:HAL_TIM_GenerateEvent	0	static
stm32h7xx_hal_tim.c:4279:19:HAL_TIM_ConfigTI1Input	0	static
stm32h7xx_hal_tim.c:4387:10:HAL_TIM_ReadCapturedValue	0	static
stm32h7xx_hal_tim.c:4475:13:HAL_TIM_PeriodElapsedCallback	0	static
stm32h7xx_hal_tim.c:4740:13:TIM_DMAPeriodElapsedCplt	8	static
stm32h7xx_hal_tim.c:4491:13:HAL_TIM_OC_DelayElapsedCallback	0	static
stm32h7xx_hal_tim.c:4506:13:HAL_TIM_IC_CaptureCallback	0	static
stm32h7xx_hal_tim.c:4706:6:TIM_DMACaptureCplt	8	static
stm32h7xx_hal_tim.c:4522:13:HAL_TIM_PWM_PulseFinishedCallback	0	static
stm32h7xx_hal_tim.c:4673:6:TIM_DMADelayPulseCplt	8	static
stm32h7xx_hal_tim.c:4538:13:HAL_TIM_TriggerCallback	0	static
stm32h7xx_hal_tim.c:2815:6:HAL_TIM_IRQHandler	8	static
stm32h7xx_hal_tim.c:4755:13:TIM_DMATriggerCplt	8	static
stm32h7xx_hal_tim.c:4554:13:HAL_TIM_ErrorCallback	0	static
stm32h7xx_hal_tim.c:4658:6:TIM_DMAError	8	static
stm32h7xx_hal_tim.c:4589:22:HAL_TIM_Base_GetState	0	static
stm32h7xx_hal_tim.c:4600:22:HAL_TIM_OC_GetState	0	static
stm32h7xx_hal_tim.c:4610:22:HAL_TIM_PWM_GetState	0	static
stm32h7xx_hal_tim.c:4621:22:HAL_TIM_IC_GetState	0	static
stm32h7xx_hal_tim.c:4632:22:HAL_TIM_OnePulse_GetState	0	static
stm32h7xx_hal_tim.c:4643:22:HAL_TIM_Encoder_GetState	0	static
stm32h7xx_hal_tim.c:4770:6:TIM_Base_SetConfig	0	static
stm32h7xx_hal_tim.c:191:19:HAL_TIM_Base_Init	8	static
stm32h7xx_hal_tim.c:475:19:HAL_TIM_OC_Init	8	static
stm32h7xx_hal_tim.c:990:19:HAL_TIM_PWM_Init	8	static
stm32h7xx_hal_tim.c:1509:19:HAL_TIM_IC_Init	8	static
stm32h7xx_hal_tim.c:1994:19:HAL_TIM_OnePulse_Init	16	static
stm32h7xx_hal_tim.c:2286:19:HAL_TIM_Encoder_Init	24	static
stm32h7xx_hal_tim.c:4817:6:TIM_OC1_SetConfig	16	static
stm32h7xx_hal_tim.c:4891:6:TIM_OC2_SetConfig	16	static
stm32h7xx_hal_tim.c:4968:6:TIM_OC3_SetConfig	16	static
stm32h7xx_hal_tim.c:5043:6:TIM_OC4_SetConfig	12	static
stm32h7xx_hal_tim.c:2991:19:HAL_TIM_OC_ConfigChannel	8	static
stm32h7xx_hal_tim.c:3192:19:HAL_TIM_PWM_ConfigChannel	16	static
stm32h7xx_hal_tim.c:5351:6:TIM_TI1_SetConfig	16	static
stm32h7xx_hal_tim.c:3092:19:HAL_TIM_IC_ConfigChannel	24	static
stm32h7xx_hal_tim.c:3343:19:HAL_TIM_OnePulse_ConfigChannel	48	static
stm32h7xx_hal_tim.c:5645:6:TIM_ETR_SetConfig	8	static
stm32h7xx_hal_tim.c:3953:19:HAL_TIM_ConfigOCrefClear	16	static
stm32h7xx_hal_tim.c:4105:19:HAL_TIM_ConfigClockSource	16	static
stm32h7xx_hal_tim.c:5207:13:TIM_SlaveTimer_SetConfig	8	static
stm32h7xx_hal_tim.c:4312:19:HAL_TIM_SlaveConfigSynchronization	16	static
stm32h7xx_hal_tim.c:4348:19:HAL_TIM_SlaveConfigSynchronization_IT	16	static
stm32h7xx_hal_tim.c:5675:6:TIM_CCxChannelCmd	8	static
stm32h7xx_hal_tim.c:614:19:HAL_TIM_OC_Stop	8	static
stm32h7xx_hal_tim.c:1096:19:HAL_TIM_PWM_Start	8	static
stm32h7xx_hal_tim.c:581:19:HAL_TIM_OC_Start	0	static
stm32h7xx_hal_tim.c:1129:19:HAL_TIM_PWM_Stop	8	static
stm32h7xx_hal_tim.c:1165:19:HAL_TIM_PWM_Start_IT	8	static
stm32h7xx_hal_tim.c:647:19:HAL_TIM_OC_Start_IT	0	static
stm32h7xx_hal_tim.c:1232:19:HAL_TIM_PWM_Stop_IT	8	static
stm32h7xx_hal_tim.c:714:19:HAL_TIM_OC_Stop_IT	0	static
stm32h7xx_hal_tim.c:1301:19:HAL_TIM_PWM_Start_DMA	16	static
stm32h7xx_hal_tim.c:782:19:HAL_TIM_OC_Start_DMA	0	static
stm32h7xx_hal_tim.c:1419:19:HAL_TIM_PWM_Stop_DMA	8	static
stm32h7xx_hal_tim.c:900:19:HAL_TIM_OC_Stop_DMA	0	static
stm32h7xx_hal_tim.c:1615:19:HAL_TIM_IC_Start	8	static
stm32h7xx_hal_tim.c:1642:19:HAL_TIM_IC_Stop	8	static
stm32h7xx_hal_tim.c:1669:19:HAL_TIM_IC_Start_IT	8	static
stm32h7xx_hal_tim.c:1729:19:HAL_TIM_IC_Stop_IT	8	static
stm32h7xx_hal_tim.c:1792:19:HAL_TIM_IC_Start_DMA	16	static
stm32h7xx_hal_tim.c:1906:19:HAL_TIM_IC_Stop_DMA	8	static
