stm32h7xx_hal_adc_ex.c:160:19:HAL_ADCEx_Calibration_Start	16	static
stm32h7xx_hal_adc_ex.c:238:10:HAL_ADCEx_Calibration_GetValue	0	static
stm32h7xx_hal_adc_ex.c:261:19:HAL_ADCEx_LinearCalibration_GetValue	24	static
stm32h7xx_hal_adc_ex.c:302:19:HAL_ADCEx_Calibration_SetValue	20	static
stm32h7xx_hal_adc_ex.c:351:19:HAL_ADCEx_LinearCalibration_SetValue	24	static
stm32h7xx_hal_adc_ex.c:434:19:HAL_ADCEx_InjectedStart	8	static
stm32h7xx_hal_adc_ex.c:562:19:HAL_ADCEx_InjectedStop	8	static
stm32h7xx_hal_adc_ex.c:618:19:HAL_ADCEx_InjectedPollForConversion	24	static
stm32h7xx_hal_adc_ex.c:772:19:HAL_ADCEx_InjectedStart_IT	8	static
stm32h7xx_hal_adc_ex.c:920:19:HAL_ADCEx_InjectedStop_IT	8	static
stm32h7xx_hal_adc_ex.c:985:19:HAL_ADCEx_MultiModeStart_DMA	128	static
stm32h7xx_hal_adc_ex.c:1099:19:HAL_ADCEx_MultiModeStop_DMA	120	static
stm32h7xx_hal_adc_ex.c:1207:10:HAL_ADCEx_MultiModeGetValue	0	static
stm32h7xx_hal_adc_ex.c:1250:10:HAL_ADCEx_InjectedGetValue	0	static
stm32h7xx_hal_adc_ex.c:1286:13:HAL_ADCEx_InjectedConvCpltCallback	0	static
stm32h7xx_hal_adc_ex.c:1306:13:HAL_ADCEx_InjectedQueueOverflowCallback	0	static
stm32h7xx_hal_adc_ex.c:1321:13:HAL_ADCEx_LevelOutOfWindow2Callback	0	static
stm32h7xx_hal_adc_ex.c:1336:13:HAL_ADCEx_LevelOutOfWindow3Callback	0	static
stm32h7xx_hal_adc_ex.c:1352:13:HAL_ADCEx_EndOfSamplingCallback	0	static
stm32h7xx_hal_adc_ex.c:1369:19:HAL_ADCEx_RegularStop	8	static
stm32h7xx_hal_adc_ex.c:1426:19:HAL_ADCEx_RegularStop_IT	8	static
stm32h7xx_hal_adc_ex.c:1486:19:HAL_ADCEx_RegularStop_DMA	16	static
stm32h7xx_hal_adc_ex.c:1573:19:HAL_ADCEx_RegularMultiModeStop_DMA	120	static
stm32h7xx_hal_adc_ex.c:1746:19:HAL_ADCEx_InjectedConfigChannel	28	static
stm32h7xx_hal_adc_ex.c:2315:19:HAL_ADCEx_MultiModeConfigChannel	128	static
stm32h7xx_hal_adc_ex.c:2423:19:HAL_ADCEx_EnableInjectedQueue	0	static
stm32h7xx_hal_adc_ex.c:2450:19:HAL_ADCEx_DisableInjectedQueue	0	static
stm32h7xx_hal_adc_ex.c:2474:19:HAL_ADCEx_DisableVoltageRegulator	0	static
stm32h7xx_hal_adc_ex.c:2504:19:HAL_ADCEx_EnterADCDeepPowerDownMode	0	static
