stm32h7xx_hal_cortex.c:159:6:HAL_NVIC_SetPriorityGrouping	0	static
stm32h7xx_hal_cortex.c:181:6:HAL_NVIC_SetPriority	12	static
stm32h7xx_hal_cortex.c:203:6:HAL_NVIC_EnableIRQ	0	static
stm32h7xx_hal_cortex.c:219:6:HAL_NVIC_DisableIRQ	0	static
stm32h7xx_hal_cortex.c:232:6:HAL_NVIC_SystemReset	0	static
stm32h7xx_hal_cortex.c:245:10:HAL_SYSTICK_Config	0	static
stm32h7xx_hal_cortex.c:273:6:HAL_MPU_Disable	0	static
stm32h7xx_hal_cortex.c:296:6:HAL_MPU_Enable	0	static
stm32h7xx_hal_cortex.c:314:6:HAL_MPU_ConfigRegion	8	static
stm32h7xx_hal_cortex.c:358:10:HAL_NVIC_GetPriorityGrouping	0	static
stm32h7xx_hal_cortex.c:385:6:HAL_NVIC_GetPriority	16	static
stm32h7xx_hal_cortex.c:400:6:HAL_NVIC_SetPendingIRQ	0	static
stm32h7xx_hal_cortex.c:418:10:HAL_NVIC_GetPendingIRQ	0	static
stm32h7xx_hal_cortex.c:434:6:HAL_NVIC_ClearPendingIRQ	0	static
stm32h7xx_hal_cortex.c:451:10:HAL_NVIC_GetActive	0	static
stm32h7xx_hal_cortex.c:468:6:HAL_SYSTICK_CLKSourceConfig	0	static
stm32h7xx_hal_cortex.c:495:13:HAL_SYSTICK_Callback	0	static
stm32h7xx_hal_cortex.c:486:6:HAL_SYSTICK_IRQHandler	8	static
stm32h7xx_hal_cortex.c:507:10:HAL_GetCurrentCPUID	0	static
