stm32h7xx_hal_tim_ex.c:2062:13:TIM_CCxNChannelCmd	8	static
stm32h7xx_hal_tim_ex.c:263:13:HAL_TIMEx_HallSensor_MspInit	0	static
stm32h7xx_hal_tim_ex.c:158:19:HAL_TIMEx_HallSensor_Init	48	static
stm32h7xx_hal_tim_ex.c:278:13:HAL_TIMEx_HallSensor_MspDeInit	0	static
stm32h7xx_hal_tim_ex.c:236:19:HAL_TIMEx_HallSensor_DeInit	8	static
stm32h7xx_hal_tim_ex.c:293:19:HAL_TIMEx_HallSensor_Start	8	static
stm32h7xx_hal_tim_ex.c:314:19:HAL_TIMEx_HallSensor_Stop	8	static
stm32h7xx_hal_tim_ex.c:335:19:HAL_TIMEx_HallSensor_Start_IT	8	static
stm32h7xx_hal_tim_ex.c:359:19:HAL_TIMEx_HallSensor_Stop_IT	8	static
stm32h7xx_hal_tim_ex.c:385:19:HAL_TIMEx_HallSensor_Start_DMA	16	static
stm32h7xx_hal_tim_ex.c:432:19:HAL_TIMEx_HallSensor_Stop_DMA	8	static
stm32h7xx_hal_tim_ex.c:864:19:HAL_TIMEx_PWMN_Start	8	static
stm32h7xx_hal_tim_ex.c:488:19:HAL_TIMEx_OCN_Start	0	static
stm32h7xx_hal_tim_ex.c:922:19:HAL_TIMEx_PWMN_Start_IT	8	static
stm32h7xx_hal_tim_ex.c:547:19:HAL_TIMEx_OCN_Start_IT	0	static
stm32h7xx_hal_tim_ex.c:981:19:HAL_TIMEx_PWMN_Stop_IT	8	static
stm32h7xx_hal_tim_ex.c:606:19:HAL_TIMEx_OCN_Stop_IT	0	static
stm32h7xx_hal_tim_ex.c:1048:19:HAL_TIMEx_PWMN_Start_DMA	16	static
stm32h7xx_hal_tim_ex.c:673:19:HAL_TIMEx_OCN_Start_DMA	0	static
stm32h7xx_hal_tim_ex.c:1146:19:HAL_TIMEx_PWMN_Stop_DMA	8	static
stm32h7xx_hal_tim_ex.c:771:19:HAL_TIMEx_OCN_Stop_DMA	0	static
stm32h7xx_hal_tim_ex.c:1226:19:HAL_TIMEx_OnePulseN_Start	8	static
stm32h7xx_hal_tim_ex.c:1251:19:HAL_TIMEx_OnePulseN_Stop	8	static
stm32h7xx_hal_tim_ex.c:893:19:HAL_TIMEx_PWMN_Stop	0	static
stm32h7xx_hal_tim_ex.c:518:19:HAL_TIMEx_OCN_Stop	0	static
stm32h7xx_hal_tim_ex.c:1280:19:HAL_TIMEx_OnePulseN_Start_IT	8	static
stm32h7xx_hal_tim_ex.c:1311:19:HAL_TIMEx_OnePulseN_Stop_IT	8	static
stm32h7xx_hal_tim_ex.c:1379:19:HAL_TIMEx_ConfigCommutationEvent	8	static
stm32h7xx_hal_tim_ex.c:1428:19:HAL_TIMEx_ConfigCommutationEvent_IT	8	static
stm32h7xx_hal_tim_ex.c:1481:19:HAL_TIMEx_ConfigCommutationEvent_DMA	8	static
stm32h7xx_hal_tim_ex.c:1525:19:HAL_TIMEx_MasterConfigSynchronization	12	static
stm32h7xx_hal_tim_ex.c:1586:19:HAL_TIMEx_ConfigBreakDeadTime	8	static
stm32h7xx_hal_tim_ex.c:1648:19:HAL_TIMEx_ConfigBreakInput	20	static
stm32h7xx_hal_tim_ex.c:1806:19:HAL_TIMEx_RemapConfig	0	static
stm32h7xx_hal_tim_ex.c:1893:20:HAL_TIMEx_TISelection	12	static
stm32h7xx_hal_tim_ex.c:1928:19:HAL_TIMEx_GroupChannel5	0	static
stm32h7xx_hal_tim_ex.c:1978:13:HAL_TIMEx_CommutationCallback	0	static
stm32h7xx_hal_tim_ex.c:2041:6:TIMEx_DMACommutationCplt	8	static
stm32h7xx_hal_tim_ex.c:1993:13:HAL_TIMEx_BreakCallback	0	static
stm32h7xx_hal_tim_ex.c:2027:22:HAL_TIMEx_HallSensor_GetState	0	static
