stm32h7xx_hal_pwr_ex.c:148:19:HAL_PWREx_ConfigSupply	16	static
stm32h7xx_hal_pwr_ex.c:178:11:HAL_PWREx_GetSupplyConfig	0	static
stm32h7xx_hal_pwr_ex.c:201:19:HAL_PWREx_ControlVoltageScaling	16	static
stm32h7xx_hal_pwr_ex.c:230:11:HAL_PWREx_GetVoltageRange	0	static
stm32h7xx_hal_pwr_ex.c:251:19:HAL_PWREx_ControlStopModeVoltageScaling	0	static
stm32h7xx_hal_pwr_ex.c:265:11:HAL_PWREx_GetStopModeVoltageRange	0	static
stm32h7xx_hal_pwr_ex.c:432:6:HAL_PWREx_EnterSTOPMode	8	static
stm32h7xx_hal_pwr_ex.c:506:6:HAL_PWREx_EnterSTANDBYMode	0	static
stm32h7xx_hal_pwr_ex.c:552:6:HAL_PWREx_ConfigD3Domain	0	static
stm32h7xx_hal_pwr_ex.c:569:6:HAL_PWREx_EnableFlashPowerDown	0	static
stm32h7xx_hal_pwr_ex.c:579:6:HAL_PWREx_DisableFlashPowerDown	0	static
stm32h7xx_hal_pwr_ex.c:591:6:HAL_PWREx_EnableWakeUpPin	20	static
stm32h7xx_hal_pwr_ex.c:629:6:HAL_PWREx_DisableWakeUpPin	0	static
stm32h7xx_hal_pwr_ex.c:650:11:HAL_PWREx_GetWakeupFlag	0	static
stm32h7xx_hal_pwr_ex.c:670:19:HAL_PWREx_ClearWakeupFlag	0	static
stm32h7xx_hal_pwr_ex.c:747:13:HAL_PWREx_WKUP1_Callback	0	static
stm32h7xx_hal_pwr_ex.c:758:13:HAL_PWREx_WKUP2_Callback	0	static
stm32h7xx_hal_pwr_ex.c:769:13:HAL_PWREx_WKUP3_Callback	0	static
stm32h7xx_hal_pwr_ex.c:780:13:HAL_PWREx_WKUP4_Callback	0	static
stm32h7xx_hal_pwr_ex.c:791:13:HAL_PWREx_WKUP5_Callback	0	static
stm32h7xx_hal_pwr_ex.c:802:13:HAL_PWREx_WKUP6_Callback	0	static
stm32h7xx_hal_pwr_ex.c:690:6:HAL_PWREx_WAKEUP_PIN_IRQHandler	8	static
stm32h7xx_hal_pwr_ex.c:887:19:HAL_PWREx_EnableBkUpReg	16	static
stm32h7xx_hal_pwr_ex.c:912:19:HAL_PWREx_DisableBkUpReg	16	static
stm32h7xx_hal_pwr_ex.c:937:19:HAL_PWREx_EnableUSBReg	16	static
stm32h7xx_hal_pwr_ex.c:963:19:HAL_PWREx_DisableUSBReg	16	static
stm32h7xx_hal_pwr_ex.c:988:6:HAL_PWREx_EnableUSBVoltageDetector	0	static
stm32h7xx_hal_pwr_ex.c:998:6:HAL_PWREx_DisableUSBVoltageDetector	0	static
stm32h7xx_hal_pwr_ex.c:1014:6:HAL_PWREx_EnableBatteryCharging	0	static
stm32h7xx_hal_pwr_ex.c:1030:6:HAL_PWREx_DisableBatteryCharging	0	static
stm32h7xx_hal_pwr_ex.c:1086:6:HAL_PWREx_EnableMonitoring	0	static
stm32h7xx_hal_pwr_ex.c:1096:6:HAL_PWREx_DisableMonitoring	0	static
stm32h7xx_hal_pwr_ex.c:1106:10:HAL_PWREx_GetTemperatureLevel	0	static
stm32h7xx_hal_pwr_ex.c:1135:10:HAL_PWREx_GetVBATLevel	0	static
stm32h7xx_hal_pwr_ex.c:1168:6:HAL_PWREx_ConfigAVD	0	static
stm32h7xx_hal_pwr_ex.c:1210:6:HAL_PWREx_EnableAVD	0	static
stm32h7xx_hal_pwr_ex.c:1220:6:HAL_PWREx_DisableAVD	0	static
stm32h7xx_hal_pwr_ex.c:1266:13:HAL_PWREx_AVDCallback	0	static
stm32h7xx_hal_pwr_ex.c:1231:6:HAL_PWREx_PVD_AVD_IRQHandler	16	static
