stm32h7xx_hal_i2c.c:4266:13:I2C_Flush_TXDR	0	static
stm32h7xx_hal_i2c.c:4386:13:I2C_DMASlaveReceiveCplt	0	static
stm32h7xx_hal_i2c.c:4672:13:I2C_TransferConfig	12	static
stm32h7xx_hal_i2c.c:4691:26:I2C_Enable_IRQ	12	static
stm32h7xx_hal_i2c.c:4764:26:I2C_Disable_IRQ	0	static
stm32h7xx_hal_i2c.c:4454:26:I2C_WaitOnFlagUntilTimeout	24	static
stm32h7xx_hal_i2c.c:4287:13:I2C_DMAMasterTransmitCplt	8	static
stm32h7xx_hal_i2c.c:4344:13:I2C_DMAMasterReceiveCplt	8	static
stm32h7xx_hal_i2c.c:4606:26:I2C_IsAcknowledgeFailed	16	static
stm32h7xx_hal_i2c.c:4483:26:I2C_WaitOnTXISFlagUntilTimeout	16	static
stm32h7xx_hal_i2c.c:3623:26:I2C_RequestMemoryWrite	32	static
stm32h7xx_hal_i2c.c:3689:26:I2C_RequestMemoryRead	32	static
stm32h7xx_hal_i2c.c:4554:26:I2C_WaitOnRXNEFlagUntilTimeout	16	static
stm32h7xx_hal_i2c.c:4329:13:I2C_DMASlaveTransmitCplt	0	static
stm32h7xx_hal_i2c.c:4520:26:I2C_WaitOnSTOPFlagUntilTimeout	16	static
stm32h7xx_hal_i2c.c:528:13:HAL_I2C_MspInit	0	static
stm32h7xx_hal_i2c.c:405:19:HAL_I2C_Init	8	static
stm32h7xx_hal_i2c.c:544:13:HAL_I2C_MspDeInit	0	static
stm32h7xx_hal_i2c.c:492:19:HAL_I2C_DeInit	8	static
stm32h7xx_hal_i2c.c:627:19:HAL_I2C_Master_Transmit	40	static
stm32h7xx_hal_i2c.c:750:19:HAL_I2C_Master_Receive	40	static
stm32h7xx_hal_i2c.c:873:19:HAL_I2C_Slave_Transmit	40	static
stm32h7xx_hal_i2c.c:1013:19:HAL_I2C_Slave_Receive	40	static
stm32h7xx_hal_i2c.c:1144:19:HAL_I2C_Master_Transmit_IT	24	static
stm32h7xx_hal_i2c.c:1212:19:HAL_I2C_Master_Receive_IT	24	static
stm32h7xx_hal_i2c.c:1279:19:HAL_I2C_Slave_Transmit_IT	16	static
stm32h7xx_hal_i2c.c:1328:19:HAL_I2C_Slave_Receive_IT	16	static
stm32h7xx_hal_i2c.c:1378:19:HAL_I2C_Master_Transmit_DMA	32	static
stm32h7xx_hal_i2c.c:1485:19:HAL_I2C_Master_Receive_DMA	32	static
stm32h7xx_hal_i2c.c:1590:19:HAL_I2C_Slave_Transmit_DMA	16	static
stm32h7xx_hal_i2c.c:1656:19:HAL_I2C_Slave_Receive_DMA	16	static
stm32h7xx_hal_i2c.c:1725:19:HAL_I2C_Mem_Write	56	static
stm32h7xx_hal_i2c.c:1876:19:HAL_I2C_Mem_Read	56	static
stm32h7xx_hal_i2c.c:2018:19:HAL_I2C_Mem_Write_IT	40	static
stm32h7xx_hal_i2c.c:2116:19:HAL_I2C_Mem_Read_IT	40	static
stm32h7xx_hal_i2c.c:2213:19:HAL_I2C_Mem_Write_DMA	40	static
stm32h7xx_hal_i2c.c:2328:19:HAL_I2C_Mem_Read_DMA	40	static
stm32h7xx_hal_i2c.c:2441:19:HAL_I2C_IsDeviceReady	48	static
stm32h7xx_hal_i2c.c:2559:19:HAL_I2C_Master_Sequential_Transmit_IT	24	static
stm32h7xx_hal_i2c.c:2631:19:HAL_I2C_Master_Sequential_Receive_IT	24	static
stm32h7xx_hal_i2c.c:2702:19:HAL_I2C_Slave_Sequential_Transmit_IT	24	static
stm32h7xx_hal_i2c.c:2776:19:HAL_I2C_Slave_Sequential_Receive_IT	24	static
stm32h7xx_hal_i2c.c:2846:19:HAL_I2C_EnableListen_IT	8	static
stm32h7xx_hal_i2c.c:2870:19:HAL_I2C_DisableListen_IT	8	static
stm32h7xx_hal_i2c.c:2902:19:HAL_I2C_Master_Abort_IT	24	static
stm32h7xx_hal_i2c.c:2952:6:HAL_I2C_EV_IRQHandler	0	static
stm32h7xx_hal_i2c.c:3016:13:HAL_I2C_MasterTxCpltCallback	0	static
stm32h7xx_hal_i2c.c:3032:13:HAL_I2C_MasterRxCpltCallback	0	static
stm32h7xx_hal_i2c.c:3833:13:I2C_ITMasterSequentialCplt	16	static
stm32h7xx_hal_i2c.c:3047:13:HAL_I2C_SlaveTxCpltCallback	0	static
stm32h7xx_hal_i2c.c:3063:13:HAL_I2C_SlaveRxCpltCallback	0	static
stm32h7xx_hal_i2c.c:3878:13:I2C_ITSlaveSequentialCplt	16	static
stm32h7xx_hal_i2c.c:3081:13:HAL_I2C_AddrCallback	0	static
stm32h7xx_hal_i2c.c:3099:13:HAL_I2C_ListenCpltCallback	0	static
stm32h7xx_hal_i2c.c:4120:13:I2C_ITListenCplt	8	static
stm32h7xx_hal_i2c.c:3115:13:HAL_I2C_MemTxCpltCallback	0	static
stm32h7xx_hal_i2c.c:3131:13:HAL_I2C_MemRxCpltCallback	0	static
stm32h7xx_hal_i2c.c:3147:13:HAL_I2C_ErrorCallback	0	static
stm32h7xx_hal_i2c.c:3163:13:HAL_I2C_AbortCpltCallback	0	static
stm32h7xx_hal_i2c.c:4164:13:I2C_ITError	8	static
stm32h7xx_hal_i2c.c:4014:13:I2C_ITSlaveCplt	16	static
stm32h7xx_hal_i2c.c:3367:26:I2C_Slave_ISR_IT	32	static
stm32h7xx_hal_i2c.c:3569:26:I2C_Slave_ISR_DMA	8	static
stm32h7xx_hal_i2c.c:3922:13:I2C_ITMasterCplt	8	static
stm32h7xx_hal_i2c.c:3246:26:I2C_Master_ISR_IT	24	static
stm32h7xx_hal_i2c.c:3480:26:I2C_Master_ISR_DMA	16	static
stm32h7xx_hal_i2c.c:4401:13:I2C_DMAError	0	static
stm32h7xx_hal_i2c.c:2971:6:HAL_I2C_ER_IRQHandler	4	static
stm32h7xx_hal_i2c.c:4418:13:I2C_DMAAbort	8	static
stm32h7xx_hal_i2c.c:3198:22:HAL_I2C_GetState	0	static
stm32h7xx_hal_i2c.c:3210:21:HAL_I2C_GetMode	0	static
stm32h7xx_hal_i2c.c:3221:10:HAL_I2C_GetError	0	static
