stm32h7xx_hal_mdma.c:1774:13:MDMA_SetConfig	20	static
stm32h7xx_hal_mdma.c:235:19:HAL_MDMA_Init	16	static
stm32h7xx_hal_mdma.c:311:19:HAL_MDMA_DeInit	0	static
stm32h7xx_hal_mdma.c:371:19:HAL_MDMA_ConfigPostRequestMask	12	static
stm32h7xx_hal_mdma.c:433:19:HAL_MDMA_RegisterCallback	8	static
stm32h7xx_hal_mdma.c:498:19:HAL_MDMA_UnRegisterCallback	0	static
stm32h7xx_hal_mdma.c:592:19:HAL_MDMA_LinkedList_CreateNode	12	static
stm32h7xx_hal_mdma.c:735:19:HAL_MDMA_LinkedList_AddNode	20	static
stm32h7xx_hal_mdma.c:868:19:HAL_MDMA_LinkedList_RemoveNode	16	static
stm32h7xx_hal_mdma.c:981:19:HAL_MDMA_LinkedList_EnableCircularMode	8	static
stm32h7xx_hal_mdma.c:1025:19:HAL_MDMA_LinkedList_DisableCircularMode	0	static
stm32h7xx_hal_mdma.c:1096:19:HAL_MDMA_Start	32	static
stm32h7xx_hal_mdma.c:1158:19:HAL_MDMA_Start_IT	24	static
stm32h7xx_hal_mdma.c:1241:19:HAL_MDMA_Abort	16	static
stm32h7xx_hal_mdma.c:1306:19:HAL_MDMA_Abort_IT	0	static
stm32h7xx_hal_mdma.c:1339:19:HAL_MDMA_PollForTransfer	24	static
stm32h7xx_hal_mdma.c:1482:19:HAL_MDMA_GenerateSWRequest	0	static
stm32h7xx_hal_mdma.c:1517:6:HAL_MDMA_IRQHandler	24	static
stm32h7xx_hal_mdma.c:1736:23:HAL_MDMA_GetState	0	static
stm32h7xx_hal_mdma.c:1747:10:HAL_MDMA_GetError	0	static
