stm32h7xx_hal_fdcan.c:4711:26:FDCAN_CopyMessageToRAM	20	static
stm32h7xx_hal_fdcan.c:502:13:HAL_FDCAN_MspInit	0	static
stm32h7xx_hal_fdcan.c:212:19:HAL_FDCAN_Init	40	static
stm32h7xx_hal_fdcan.c:517:13:HAL_FDCAN_MspDeInit	0	static
stm32h7xx_hal_fdcan.c:532:19:HAL_FDCAN_EnterPowerDownMode	16	static
stm32h7xx_hal_fdcan.c:567:19:HAL_FDCAN_ExitPowerDownMode	16	static
stm32h7xx_hal_fdcan.c:648:19:HAL_FDCAN_ConfigClockCalibration	8	static
stm32h7xx_hal_fdcan.c:716:10:HAL_FDCAN_GetClockCalibrationState	0	static
stm32h7xx_hal_fdcan.c:727:19:HAL_FDCAN_ResetClockCalibrationState	0	static
stm32h7xx_hal_fdcan.c:744:10:HAL_FDCAN_GetClockCalibrationCounter	0	static
stm32h7xx_hal_fdcan.c:769:19:HAL_FDCAN_ConfigFilter	12	static
stm32h7xx_hal_fdcan.c:879:19:HAL_FDCAN_ConfigGlobalFilter	8	static
stm32h7xx_hal_fdcan.c:916:19:HAL_FDCAN_ConfigExtendedIdMask	0	static
stm32h7xx_hal_fdcan.c:950:19:HAL_FDCAN_ConfigRxFifoOverwrite	0	static
stm32h7xx_hal_fdcan.c:993:19:HAL_FDCAN_ConfigFifoWatermark	0	static
stm32h7xx_hal_fdcan.c:1043:19:HAL_FDCAN_ConfigRamWatchdog	0	static
stm32h7xx_hal_fdcan.c:1073:19:HAL_FDCAN_ConfigTimestampCounter	0	static
stm32h7xx_hal_fdcan.c:1103:19:HAL_FDCAN_EnableTimestampCounter	0	static
stm32h7xx_hal_fdcan.c:1131:19:HAL_FDCAN_DisableTimestampCounter	0	static
stm32h7xx_hal_fdcan.c:1156:10:HAL_FDCAN_GetTimestampCounter	0	static
stm32h7xx_hal_fdcan.c:1167:19:HAL_FDCAN_ResetTimestampCounter	0	static
stm32h7xx_hal_fdcan.c:1198:19:HAL_FDCAN_ConfigTimeoutCounter	0	static
stm32h7xx_hal_fdcan.c:1227:19:HAL_FDCAN_EnableTimeoutCounter	0	static
stm32h7xx_hal_fdcan.c:1252:19:HAL_FDCAN_DisableTimeoutCounter	0	static
stm32h7xx_hal_fdcan.c:1277:10:HAL_FDCAN_GetTimeoutCounter	0	static
stm32h7xx_hal_fdcan.c:1288:19:HAL_FDCAN_ResetTimeoutCounter	0	static
stm32h7xx_hal_fdcan.c:1318:19:HAL_FDCAN_ConfigTxDelayCompensation	0	static
stm32h7xx_hal_fdcan.c:1347:19:HAL_FDCAN_EnableTxDelayCompensation	0	static
stm32h7xx_hal_fdcan.c:1372:19:HAL_FDCAN_DisableTxDelayCompensation	0	static
stm32h7xx_hal_fdcan.c:1431:19:HAL_FDCAN_Start	0	static
stm32h7xx_hal_fdcan.c:1462:19:HAL_FDCAN_Stop	0	static
stm32h7xx_hal_fdcan.c:469:19:HAL_FDCAN_DeInit	8	static
stm32h7xx_hal_fdcan.c:1513:19:HAL_FDCAN_AddMessageToTxFifoQ	16	static
stm32h7xx_hal_fdcan.c:1588:19:HAL_FDCAN_AddMessageToTxBuffer	16	static
stm32h7xx_hal_fdcan.c:1654:19:HAL_FDCAN_EnableTxBufferRequest	0	static
stm32h7xx_hal_fdcan.c:1681:19:HAL_FDCAN_AbortTxRequest	0	static
stm32h7xx_hal_fdcan.c:1710:19:HAL_FDCAN_GetRxMessage	20	static
stm32h7xx_hal_fdcan.c:1874:19:HAL_FDCAN_GetTxEvent	16	static
stm32h7xx_hal_fdcan.c:1965:19:HAL_FDCAN_GetHighPriorityMessageStatus	0	static
stm32h7xx_hal_fdcan.c:1983:19:HAL_FDCAN_GetProtocolStatus	0	static
stm32h7xx_hal_fdcan.c:2014:19:HAL_FDCAN_GetErrorCounters	0	static
stm32h7xx_hal_fdcan.c:2041:10:HAL_FDCAN_IsRxBufferMessageAvailable	8	static
stm32h7xx_hal_fdcan.c:2076:10:HAL_FDCAN_IsTxBufferMessagePending	0	static
stm32h7xx_hal_fdcan.c:2099:10:HAL_FDCAN_GetRxFifoFillLevel	0	static
stm32h7xx_hal_fdcan.c:2126:10:HAL_FDCAN_GetTxFifoFreeLevel	0	static
stm32h7xx_hal_fdcan.c:2144:10:HAL_FDCAN_IsRestrictedOperationMode	0	static
stm32h7xx_hal_fdcan.c:2160:19:HAL_FDCAN_ExitRestrictedOperationMode	0	static
stm32h7xx_hal_fdcan.c:2224:19:HAL_FDCAN_TT_ConfigOperation	24	static
stm32h7xx_hal_fdcan.c:2401:19:HAL_FDCAN_TT_ConfigReferenceMessage	8	static
stm32h7xx_hal_fdcan.c:2449:19:HAL_FDCAN_TT_ConfigTrigger	12	static
stm32h7xx_hal_fdcan.c:2558:19:HAL_FDCAN_TT_SetGlobalTime	0	static
stm32h7xx_hal_fdcan.c:2628:19:HAL_FDCAN_TT_SetClockSynchronization	0	static
stm32h7xx_hal_fdcan.c:2700:19:HAL_FDCAN_TT_ConfigStopWatch	12	static
stm32h7xx_hal_fdcan.c:2757:19:HAL_FDCAN_TT_ConfigRegisterTimeMark	16	static
stm32h7xx_hal_fdcan.c:2868:19:HAL_FDCAN_TT_EnableRegisterTimeMarkPulse	0	static
stm32h7xx_hal_fdcan.c:2914:19:HAL_FDCAN_TT_DisableRegisterTimeMarkPulse	0	static
stm32h7xx_hal_fdcan.c:2960:19:HAL_FDCAN_TT_EnableTriggerTimeMarkPulse	0	static
stm32h7xx_hal_fdcan.c:3017:19:HAL_FDCAN_TT_DisableTriggerTimeMarkPulse	0	static
stm32h7xx_hal_fdcan.c:3074:19:HAL_FDCAN_TT_EnableHardwareGapControl	0	static
stm32h7xx_hal_fdcan.c:3131:19:HAL_FDCAN_TT_DisableHardwareGapControl	0	static
stm32h7xx_hal_fdcan.c:3190:19:HAL_FDCAN_TT_EnableTimeMarkGapControl	0	static
stm32h7xx_hal_fdcan.c:3247:19:HAL_FDCAN_TT_DisableTimeMarkGapControl	0	static
stm32h7xx_hal_fdcan.c:3304:19:HAL_FDCAN_TT_SetNextIsGap	0	static
stm32h7xx_hal_fdcan.c:3370:19:HAL_FDCAN_TT_SetEndOfGap	0	static
stm32h7xx_hal_fdcan.c:3440:19:HAL_FDCAN_TT_ConfigExternalSyncPhase	8	static
stm32h7xx_hal_fdcan.c:3479:19:HAL_FDCAN_TT_EnableExternalSynchronization	0	static
stm32h7xx_hal_fdcan.c:3525:19:HAL_FDCAN_TT_DisableExternalSynchronization	0	static
stm32h7xx_hal_fdcan.c:3572:19:HAL_FDCAN_TT_GetOperationStatus	0	static
stm32h7xx_hal_fdcan.c:3636:19:HAL_FDCAN_ConfigInterruptLines	0	static
stm32h7xx_hal_fdcan.c:3676:19:HAL_FDCAN_TT_ConfigInterruptLines	0	static
stm32h7xx_hal_fdcan.c:3720:19:HAL_FDCAN_ActivateNotification	0	static
stm32h7xx_hal_fdcan.c:3781:19:HAL_FDCAN_DeactivateNotification	0	static
stm32h7xx_hal_fdcan.c:3811:19:HAL_FDCAN_TT_ActivateNotification	0	static
stm32h7xx_hal_fdcan.c:3858:19:HAL_FDCAN_TT_DeactivateNotification	0	static
stm32h7xx_hal_fdcan.c:4270:13:HAL_FDCAN_ClockCalibrationCallback	0	static
stm32h7xx_hal_fdcan.c:4289:13:HAL_FDCAN_TxEventFifoCallback	0	static
stm32h7xx_hal_fdcan.c:4308:13:HAL_FDCAN_RxFifo0Callback	0	static
stm32h7xx_hal_fdcan.c:4327:13:HAL_FDCAN_RxFifo1Callback	0	static
stm32h7xx_hal_fdcan.c:4344:13:HAL_FDCAN_TxFifoEmptyCallback	0	static
stm32h7xx_hal_fdcan.c:4362:13:HAL_FDCAN_TxBufferCompleteCallback	0	static
stm32h7xx_hal_fdcan.c:4381:13:HAL_FDCAN_TxBufferAbortCallback	0	static
stm32h7xx_hal_fdcan.c:4398:13:HAL_FDCAN_RxBufferNewMessageCallback	0	static
stm32h7xx_hal_fdcan.c:4414:13:HAL_FDCAN_TimestampWraparoundCallback	0	static
stm32h7xx_hal_fdcan.c:4430:13:HAL_FDCAN_TimeoutOccurredCallback	0	static
stm32h7xx_hal_fdcan.c:4446:13:HAL_FDCAN_HighPriorityMessageCallback	0	static
stm32h7xx_hal_fdcan.c:4462:13:HAL_FDCAN_ErrorCallback	0	static
stm32h7xx_hal_fdcan.c:4480:13:HAL_FDCAN_TT_ScheduleSyncCallback	0	static
stm32h7xx_hal_fdcan.c:4499:13:HAL_FDCAN_TT_TimeMarkCallback	0	static
stm32h7xx_hal_fdcan.c:4521:13:HAL_FDCAN_TT_StopWatchCallback	0	static
stm32h7xx_hal_fdcan.c:4541:13:HAL_FDCAN_TT_GlobalTimeCallback	0	static
stm32h7xx_hal_fdcan.c:3886:6:HAL_FDCAN_IRQHandler	32	static
stm32h7xx_hal_fdcan.c:4577:24:HAL_FDCAN_GetState	0	static
stm32h7xx_hal_fdcan.c:4589:10:HAL_FDCAN_GetError	0	static
