stm32h7xx_ll_sdmmc.c:1377:17:SDMMC_GetCmdResp2	0	static
stm32h7xx_ll_sdmmc.c:1419:17:SDMMC_GetCmdResp3	0	static
stm32h7xx_ll_sdmmc.c:1244:17:SDMMC_GetCmdResp1	8	static
stm32h7xx_ll_sdmmc.c:221:19:SDMMC_Init	8	static
stm32h7xx_ll_sdmmc.c:272:10:SDMMC_ReadFIFO	0	static
stm32h7xx_ll_sdmmc.c:284:19:SDMMC_WriteFIFO	0	static
stm32h7xx_ll_sdmmc.c:316:19:SDMMC_PowerState_ON	8	static
stm32h7xx_ll_sdmmc.c:333:19:SDMMC_PowerState_Cycle	0	static
stm32h7xx_ll_sdmmc.c:346:19:SDMMC_PowerState_OFF	0	static
stm32h7xx_ll_sdmmc.c:363:10:SDMMC_GetPowerState	0	static
stm32h7xx_ll_sdmmc.c:376:19:SDMMC_SendCommand	8	static
stm32h7xx_ll_sdmmc.c:406:9:SDMMC_GetCommandResponse	0	static
stm32h7xx_ll_sdmmc.c:423:10:SDMMC_GetResponse	0	static
stm32h7xx_ll_sdmmc.c:444:19:SDMMC_ConfigData	8	static
stm32h7xx_ll_sdmmc.c:479:10:SDMMC_GetDataCounter	0	static
stm32h7xx_ll_sdmmc.c:489:10:SDMMC_GetFIFOCount	0	static
stm32h7xx_ll_sdmmc.c:503:19:SDMMC_SetSDMMCReadWaitMode	0	static
stm32h7xx_ll_sdmmc.c:538:10:SDMMC_CmdBlockLength	40	static
stm32h7xx_ll_sdmmc.c:562:10:SDMMC_CmdReadSingleBlock	40	static
stm32h7xx_ll_sdmmc.c:586:10:SDMMC_CmdReadMultiBlock	40	static
stm32h7xx_ll_sdmmc.c:610:10:SDMMC_CmdWriteSingleBlock	40	static
stm32h7xx_ll_sdmmc.c:634:10:SDMMC_CmdWriteMultiBlock	40	static
stm32h7xx_ll_sdmmc.c:658:10:SDMMC_CmdSDEraseStartAdd	40	static
stm32h7xx_ll_sdmmc.c:682:10:SDMMC_CmdSDEraseEndAdd	40	static
stm32h7xx_ll_sdmmc.c:706:10:SDMMC_CmdEraseStartAdd	40	static
stm32h7xx_ll_sdmmc.c:730:10:SDMMC_CmdEraseEndAdd	40	static
stm32h7xx_ll_sdmmc.c:754:10:SDMMC_CmdErase	40	static
stm32h7xx_ll_sdmmc.c:778:10:SDMMC_CmdStopTransfer	40	static
stm32h7xx_ll_sdmmc.c:809:10:SDMMC_CmdSelDesel	40	static
stm32h7xx_ll_sdmmc.c:833:10:SDMMC_CmdGoIdleState	32	static
stm32h7xx_ll_sdmmc.c:856:10:SDMMC_CmdOperCond	32	static
stm32h7xx_ll_sdmmc.c:887:10:SDMMC_CmdAppCommand	40	static
stm32h7xx_ll_sdmmc.c:915:10:SDMMC_CmdAppOperCommand	32	static
stm32h7xx_ll_sdmmc.c:962:10:SDMMC_CmdSendSCR	40	static
stm32h7xx_ll_sdmmc.c:986:10:SDMMC_CmdSendCID	32	static
stm32h7xx_ll_sdmmc.c:1011:10:SDMMC_CmdSendCSD	32	static
stm32h7xx_ll_sdmmc.c:1036:10:SDMMC_CmdSetRelAdd	40	static
stm32h7xx_ll_sdmmc.c:1061:10:SDMMC_CmdSendStatus	40	static
stm32h7xx_ll_sdmmc.c:1084:10:SDMMC_CmdStatusRegister	40	static
stm32h7xx_ll_sdmmc.c:1109:10:SDMMC_CmdOpCondition	32	static
stm32h7xx_ll_sdmmc.c:1133:10:SDMMC_CmdSwitch	40	static
stm32h7xx_ll_sdmmc.c:939:10:SDMMC_CmdBusWidth	0	static
stm32h7xx_ll_sdmmc.c:1159:10:SDMMC_CmdVoltageSwitch	40	static
stm32h7xx_ll_sdmmc.c:1183:10:SDMMC_CmdSendEXTCSD	40	static
