ecu.c:26:6:swapByteOrder_int16	12	static
ecu.c:36:9:linearInteropolate	16	static
ecu.c:69:8:getSteeringAngle	8	static
ecu.c:78:9:getBrakeF	8	static
ecu.c:87:6:setTorqueReqPerc	16	static
ecu.c:114:9:getBrakeR	8	static
ecu.c:123:10:getBrakeBalance	0	static
ecu.c:128:9:getDrivingMode	0	static
ecu.c:148:9:getCoolantTemp	8	static
ecu.c:162:15:getGpioPort	0	static
ecu.c:201:5:getGpioPin	0	static
ecu.c:240:6:setOutput	8	static
ecu.c:246:6:toggleOutput	8	static
ecu.c:253:6:setupLEDs	0	static
ecu.c:284:6:setLEDs	16	static
ecu.c:321:6:resetButton	0	static
ecu.c:331:10:gettimer	0	static
ecu.c:336:6:debouncebutton	8	static
ecu.c:348:6:setupButtons	168	static
ecu.c:367:6:FDCAN1_start	40	static
ecu.c:442:6:FDCAN2_start	40	static
ecu.c:485:6:resetCanTx	0	static
ecu.c:492:6:CAN1Send	16	static
ecu.c:508:6:CAN2Send	16	static
ecu.c:525:6:CANKeepAlive	48	static
ecu.c:545:6:CANSendState	56	static
ecu.c:563:6:CAN_NMT	48	static
ecu.c:625:6:RTDMCheck	0	static
ecu.c:657:10:PedalTorqueRequest	0	static
ecu.c:752:6:AllowedToDrive	0	static
ecu.c:765:6:InverterStateMachine	16	static
ecu.c:877:6:processCANData	0	static
ecu.c:896:6:RearSpeedCalculation	0	static
ecu.c:913:6:storeBEint32	0	static
ecu.c:921:6:storeBEint16	0	static
ecu.c:927:6:storeLEint32	0	static
ecu.c:935:6:storeLEint16	0	static
ecu.c:581:6:CANSendInverter	64	static
ecu.c:612:6:CANTorqueRequest	16	static
ecu.c:942:6:CANLogData	64	static
ecu.c:998:6:processADCInput	16	static
ecu.c:1014:6:startupLEDs	8	static
ecu.c:1039:6:setupInterrupts	8	static
ecu.c:1067:6:startADC	8	static
ecu.c:1076:6:setupCarState	0	static
ecu.c:1093:6:HAL_ADC_ConvCpltCallback	16	static
ecu.c:1112:6:HAL_FDCAN_RxFifo0Callback	64	static
ecu.c:1188:6:HAL_FDCAN_RxFifo1Callback	64	static
ecu.c:1263:6:HAL_GPIO_EXTI_Callback	8	static
ecu.c:1277:6:TIM3_IRQHandler	0	static
ecu.c:1286:6:HAL_TIM_PeriodElapsedCallback	8	static
